Microchip MPLAB XC8 Compiler V2.40

Linker command line:

-W-3 \
  --edf=C:\Program Files\Microchip\xc8\v2.40\pic\dat\20220703182018_en.msgs \
  -cn -h+dist/default/production\Automation.X.production.sym \
  --cmf=dist/default/production\Automation.X.production.cmf -z -Q18F2520 \
  -oC:\Users\HP\AppData\Local\Temp\xcAsa8s.4 --defsym=__MPLAB_BUILD=1 \
  --fixupoverflow=error \
  -Mdist/default/production/Automation.X.production.map \
  --md=C:\Users\HP\AppData\Local\Temp\xcAsa8s.dat -E1 -ver=XC8 Compiler \
  --acfsm=1493 -ACODE=00h-07FFFh -ACONST=00h-07FFFh \
  -ASMALLCONST=0600h-06FFhx122 -AMEDIUMCONST=0600h-07FFFh -ACOMRAM=01h-07Fh \
  -AABS1=00h-05FFh -ABIGRAM=01h-05FFh -ARAM=080h-0FFh,0100h-01FFhx5 \
  -ABANK0=080h-0FFh -ABANK1=0100h-01FFh -ABANK2=0200h-02FFh \
  -ABANK3=0300h-03FFh -ABANK4=0400h-04FFh -ABANK5=0500h-05FFh \
  -ASFR=0F80h-0FFFh -ABIGSFR=0F80h-0FFFh -ACONFIG=0300000h-030000Dh \
  -AIDLOC=0200000h-0200007h -AEEDATA=0F00000h-0F000FFh -peeprom_data=EEDATA \
  -preset_vec=00h,intcode=08h,intcodelo,powerup,init -pramtop=0600h \
  -psmallconst=SMALLCONST -pmediumconst=MEDIUMCONST -pconst=CONST \
  -AFARRAM=00h-00h \
  -prdata=COMRAM,nvrram=COMRAM,nvbit=COMRAM,rbss=COMRAM,rbit=COMRAM \
  -pfarbss=FARRAM,fardata=FARRAM,nvFARRAM=FARRAM \
  -pintsave_regs=BIGRAM,bigbss=BIGRAM,bigdata=BIGRAM -pbss=RAM \
  -pidata=CODE,irdata=CODE,ibigdata=CODE,ifardata=CODE -prparam=COMRAM \
  C:\Users\HP\AppData\Local\Temp\xcAsa8s.o \
  dist/default/production\Automation.X.production.o 

Object code version is 3.11

Machine type is 18F2520



                Name                               Link     Load   Length Selector   Space Scale
C:\Users\HP\AppData\Local\Temp\xcAsa8s.o
                idloc                            200000   200000        8        0       5
                config                           300000   300000        E        0       4
                init                                  E        E        4        4       0
                reset_vec                             0        0        4        0       0
dist/default/production\Automation.X.production.o
                intcode                               8        8        6        4       0
                idloc                            200000   200000        8        0       5
                config                           300000   300000        E        0       4
                temp                                 27       27        1        1       1
                text4                               584      584       58        4       0
                intcode_body                        4CE      4CE       5E        4       0
                text2                               52C      52C       58        4       0
                text1                               616      616       16        4       0
                text0                                12       12      4BC        4       0
                cstackCOMRAM                         13       13       12        1       1
                bssBANK1                            100      100       C8      100       1
                dataCOMRAM                           25       25        2        1       1
                bssCOMRAM                             1        1       12        1       1
                cinit                               5DC      5DC       3A        4       0
                idataCOMRAM                         62C      62C        2        4       0

TOTAL           Name                               Link     Load   Length     Space
        CLASS   CODE           
                intcode                               8        8        6         0
                init                                  E        E        4         0
                reset_vec                             0        0        4         0
                text4                               584      584       58         0
                intcode_body                        4CE      4CE       5E         0
                text2                               52C      52C       58         0
                text1                               616      616       16         0
                text0                                12       12      4BC         0
                cinit                               5DC      5DC       3A         0
                idataCOMRAM                         62C      62C        2         0

        CLASS   CONST          

        CLASS   SMALLCONST     

        CLASS   MEDIUMCONST    

        CLASS   COMRAM         
                temp                                 27       27        1         1
                cstackCOMRAM                         13       13       12         1
                dataCOMRAM                           25       25        2         1
                bssCOMRAM                             1        1       12         1

        CLASS   ABS1           

        CLASS   BIGRAM         

        CLASS   RAM            

        CLASS   BANK0          

        CLASS   BANK1          
                bssBANK1                            100      100       C8         1

        CLASS   BANK2          

        CLASS   BANK3          

        CLASS   BANK4          

        CLASS   BANK5          

        CLASS   SFR            

        CLASS   BIGSFR         

        CLASS   CONFIG         
                config                           300000   300000        E         4

        CLASS   IDLOC          
                idloc                            200000   200000        8         5

        CLASS   EEDATA         

        CLASS   FARRAM         

        CLASS   HEAP           

        CLASS   STACK          



SEGMENTS        Name                           Load    Length   Top    Selector   Space  Class

                reset_vec                      000000  000004  000004         0       0  CODE    
                bssCOMRAM                      000001  000027  000028         1       1  COMRAM  
                intcode                        000008  000626  00062E         4       0  CODE    
                bssBANK1                       000100  0000C8  0001C8       100       1  BANK1   


UNUSED ADDRESS RANGES

        Name                Unused          Largest block    Delta
        BANK0            000080-0000FF               80
        BANK1            0001C8-0001FF               38
        BANK2            000200-0002FF              100
        BANK3            000300-0003FF              100
        BANK4            000400-0004FF              100
        BANK5            000500-0005FF              100
        BIGRAM           000028-0000FF               D8
                         0001C8-0005FF              438
        BIGSFR           000F80-000FFF               80
        CODE             000004-000007                4
                         00062E-007FFF             79D2
        COMRAM           000028-00007F               58
        CONST            000004-000007                4
                         00062E-007FFF             79D2
        EEDATA           F00000-F000FF              100
        MEDIUMCONST      00062E-007FFF             79D2
        RAM              000080-0000FF               80
                         0001C8-0005FF              100
        SFR              000F80-000FFF               80
        SMALLCONST       00062E-007FFF              100

                                  Symbol Table

_ADCON1                  (abs)        000FC1
_GIE                     (abs)        007F97
_INT0IE                  (abs)        007F94
_INT0IF                  (abs)        007F91
_INTEDG0                 (abs)        007F8E
_PEIE                    (abs)        007F96
_PORTA                   (abs)        000F80
_PORTBbits               (abs)        000F81
_PORTCbits               (abs)        000F82
_PSA                     (abs)        007EAB
_T08BIT                  (abs)        007EAE
_T0CONbits               (abs)        000FD5
_T0CS                    (abs)        007EAD
_TMR0                    (abs)        000FD6
_TMR0IE                  (abs)        007F95
_TMR0IF                  (abs)        007F92
_TMR0ON                  (abs)        007EAF
_TRISA                   (abs)        000F92
_TRISB6                  (abs)        007C9E
_TRISBbits               (abs)        000F93
_TRISC                   (abs)        000F94
__HRAM                   (abs)        000000
__Habs1                  abs1         000000
__Hbank0                 bank0        000000
__Hbank1                 bank1        000000
__Hbank2                 bank2        000000
__Hbank3                 bank3        000000
__Hbank4                 bank4        000000
__Hbank5                 bank5        000000
__Hbigbss                bigbss       000000
__Hbigdata               bigdata      000000
__Hbigram                bigram       000000
__Hbigsfr                bigsfr       000000
__Hbss                   bss          000000
__HbssBANK1              bssBANK1     000000
__HbssCOMRAM             bssCOMRAM    000000
__Hcinit                 cinit        000000
__Hclrtext               clrtext      000000
__Hcomram                comram       000000
__Hconfig                config       30000E
__Hconst                 const        000000
__HcstackCOMRAM          cstackCOMRAM 000000
__Hdata                  data         000000
__HdataCOMRAM            dataCOMRAM   000000
__Heeprom_data           eeprom_data  000000
__Hfarbss                farbss       000000
__Hfardata               fardata      000000
__Hheap                  heap         000000
__Hibigdata              ibigdata     000000
__Hidata                 idata        000000
__HidataCOMRAM           idataCOMRAM  000000
__Hidloc                 idloc        200008
__Hifardata              ifardata     000000
__Hinit                  init         000012
__Hintcode               intcode      00000E
__Hintcode_body          intcode_body 000000
__Hintcodelo             intcodelo    00000E
__Hintentry              intentry     000000
__Hintret                intret       000000
__Hintsave_regs          intsave_regs 000000
__Hirdata                irdata       000000
__Hmediumconst           mediumconst  000000
__HnvFARRAM              nvFARRAM     000000
__Hnvbit                 nvbit        000000
__Hnvrram                nvrram       000000
__Hparam                 rparam       000000
__Hpowerup               powerup      00000E
__Hram                   ram          000000
__Hramtop                ramtop       000600
__Hrbit                  rbit         000000
__Hrbss                  rbss         000000
__Hrdata                 rdata        000000
__Hreset_vec             reset_vec    000004
__Hrparam                rparam       000000
__Hsfr                   sfr          000000
__Hsmallconst            smallconst   000000
__Hspace_0               (abs)        00062E
__Hspace_1               (abs)        0001C8
__Hspace_2               (abs)        000000
__Hspace_4               (abs)        60000E
__Hstack                 stack        000000
__Hstruct                struct       000000
__Htemp                  temp         000028
__Htext                  text         000000
__Htext0                 text0        000000
__Htext1                 text1        000000
__Htext2                 text2        000000
__Htext4                 text4        000000
__LRAM                   (abs)        000001
__Labs1                  abs1         000000
__Lbank0                 bank0        000000
__Lbank1                 bank1        000000
__Lbank2                 bank2        000000
__Lbank3                 bank3        000000
__Lbank4                 bank4        000000
__Lbank5                 bank5        000000
__Lbigbss                bigbss       000000
__Lbigdata               bigdata      000000
__Lbigram                bigram       000000
__Lbigsfr                bigsfr       000000
__Lbss                   bss          000000
__LbssBANK1              bssBANK1     000000
__LbssCOMRAM             bssCOMRAM    000000
__Lcinit                 cinit        000000
__Lclrtext               clrtext      000000
__Lcomram                comram       000000
__Lconfig                config       000000
__Lconst                 const        000000
__LcstackCOMRAM          cstackCOMRAM 000000
__Ldata                  data         000000
__LdataCOMRAM            dataCOMRAM   000000
__Leeprom_data           eeprom_data  000000
__Lfarbss                farbss       000000
__Lfardata               fardata      000000
__Lheap                  heap         000000
__Libigdata              ibigdata     000000
__Lidata                 idata        000000
__LidataCOMRAM           idataCOMRAM  000000
__Lidloc                 idloc        000000
__Lifardata              ifardata     000000
__Linit                  init         00000E
__Lintcode               intcode      000008
__Lintcode_body          intcode_body 000000
__Lintcodelo             intcodelo    00000E
__Lintentry              intentry     000000
__Lintret                intret       000000
__Lintsave_regs          intsave_regs 000000
__Lirdata                irdata       000000
__Lmediumconst           mediumconst  000000
__LnvFARRAM              nvFARRAM     000000
__Lnvbit                 nvbit        000000
__Lnvrram                nvrram       000000
__Lparam                 rparam       000000
__Lpowerup               powerup      00000E
__Lram                   ram          000000
__Lramtop                ramtop       000600
__Lrbit                  rbit         000000
__Lrbss                  rbss         000000
__Lrdata                 rdata        000000
__Lreset_vec             reset_vec    000000
__Lrparam                rparam       000000
__Lsfr                   sfr          000000
__Lsmallconst            smallconst   000000
__Lspace_0               (abs)        000000
__Lspace_1               (abs)        000000
__Lspace_2               (abs)        000000
__Lspace_4               (abs)        000000
__Lstack                 stack        000000
__Lstruct                struct       000000
__Ltemp                  temp         000027
__Ltext                  text         000000
__Ltext0                 text0        000000
__Ltext1                 text1        000000
__Ltext2                 text2        000000
__Ltext4                 text4        000000
__S0                     (abs)        00062E
__S1                     (abs)        0001C8
__S4                     (abs)        000000
__S5                     (abs)        000000
___heap_hi               (abs)        000000
___heap_lo               (abs)        000000
___inthi_sp              stack        000000
___intlo_sp              stack        000000
___param_bank            (abs)        000000
___rparam_used           (abs)        000001
___sp                    stack        000000
__accesstop              (abs)        000080
__activetblptr           (abs)        000000
__end_of__initialization cinit        00060C
__end_of_delay           text2        000584
__end_of_isr             intcode_body 00052C
__end_of_main            text0        0004CE
__end_of_timer           text1        00062C
__end_ofi2_delay         text4        0005DC
__initialization         cinit        0005DC
__mediumconst            mediumconst  000000
__pbssBANK1              bssBANK1     000100
__pbssCOMRAM             bssCOMRAM    000001
__pcinit                 cinit        0005DC
__pcstackCOMRAM          cstackCOMRAM 000013
__pdataCOMRAM            dataCOMRAM   000025
__pidataCOMRAM           idataCOMRAM  00062C
__pintcode               intcode      000008
__pintcode_body          intcode_body 0004CE
__ptext0                 text0        000012
__ptext1                 text1        000616
__ptext2                 text2        00052C
__ptext4                 text4        000584
__ramtop                 ramtop       000600
__smallconst             smallconst   000000
_cmd                     bssCOMRAM    00000F
_dat                     bssBANK1     000100
_delay                   text2        00052C
_flag                    bssCOMRAM    000011
_i                       bssCOMRAM    00000D
_isr                     intcode      000008
_j                       bssCOMRAM    00000B
_main                    text0        000012
_result                  bssCOMRAM    000001
_speed                   dataCOMRAM   000025
_timer                   text1        000616
btemp                    temp         000027
delay@i                  cstackCOMRAM 00001F
delay@j                  cstackCOMRAM 000021
delay@time               cstackCOMRAM 00001C
end_of_initialization    cinit        00060C
i2_delay                 text4        000584
i2delay@i                cstackCOMRAM 000016
i2delay@j                cstackCOMRAM 000018
i2delay@time             cstackCOMRAM 000013
int$flags                temp         000027
int_func                 intcode_body 0004CE
intlevel0                text         000000
intlevel1                text         000000
intlevel2                text         000000
intlevel3                text         000000
isa$std                  (abs)        000001
isa$xinst                (abs)        000000
isr@t                    cstackCOMRAM 00001A
stackhi                  (abs)        000000
stacklo                  (abs)        000000
start                    init         00000E
start_initialization     cinit        0005DC
ttemp5                   temp         000028
ttemp6                   temp         00002B
ttemp7                   temp         00002F
wtemp8                   temp         000028


MODULE INFORMATION

Module		Function		Class		Link	Load	Size
remote.c
		_delay         		CODE           	052C	0000	88
		_main          		CODE           	0012	0000	1212
		_timer         		CODE           	0616	0000	22
		_isr           		CODE           	0008	0000	100

remote.c estimated size: 1422

shared
		__initialization		CODE           	05DC	0000	48
		i2_delay       		CODE           	0584	0000	88

shared estimated size: 136

